[2026-08-22T22:48:44.237419] OUTBOUND EMAIL TO vallab@prefectos.ai
Subject: 🚀 Enterprise SLA Quote Request: Barclays International

NEW ENTERPRISE SLA QUOTE REQUEST

Target Recipient: vallab@prefectos.ai
Timestamp: 2026-08-22 22:48:44

CLIENT DETAILS:
- Institution / Company: Barclays International
- Work Email: governance@barclays.com
- Target Cloud Deployment: AWS Private VPC (US / EU / APAC)
- Monthly Document Volume: 50,000 – 250,000 docs / month

GOVERNANCE METADATA:
- Environment: Production Enterprise Host
- Cloud Region: US-East (AWS Private VPC)
- Compliance Package: SOC 2 Type II & ISO 27001 Verified

============================================================

[2026-08-22T23:01:30.982681] OUTBOUND EMAIL TO vallab@prefectos.ai
Subject: 🚀 Enterprise SLA Quote Request: TestBank

NEW ENTERPRISE SLA QUOTE REQUEST

Target Recipient: vallab@prefectos.ai
Timestamp: 2026-08-22 23:01:27

CLIENT DETAILS:
- Institution / Company: TestBank
- Work Email: testbank@bank.com
- Target Cloud Deployment: Google Cloud Platform (GCP)
- Monthly Document Volume: 50,000 – 250,000 docs / month

GOVERNANCE METADATA:
- Environment: Production Enterprise Host
- Cloud Region: US-East (AWS Private VPC)
- Compliance Package: SOC 2 Type II & ISO 27001 Verified

============================================================

[2026-08-22T23:03:26.162546] OUTBOUND EMAIL TO vallab@prefectos.ai
Subject: 🚀 Enterprise SLA Quote Request: Barclays Enterprise Host

NEW ENTERPRISE SLA QUOTE REQUEST

Target Recipient: vallab@prefectos.ai
Timestamp: 2026-08-22 23:03:22

CLIENT DETAILS:
- Institution / Company: Barclays Enterprise Host
- Work Email: director@barclays.com
- Target Cloud Deployment: AWS Private VPC
- Monthly Document Volume: 50,000 - 250,000 docs/month

GOVERNANCE METADATA:
- Environment: Production Enterprise Host
- Cloud Region: US-East (AWS Private VPC)
- Compliance Package: SOC 2 Type II & ISO 27001 Verified

============================================================

[2026-08-22T23:17:56.939785] OUTBOUND EMAIL TO vallab@prefectos.ai
Subject: 🚀 Enterprise SLA Quote Request: Barclays Global Underwriting

NEW ENTERPRISE SLA QUOTE REQUEST

Target Recipient: vallab@prefectos.ai
Timestamp: 2026-08-22 23:17:53

CLIENT DETAILS:
- Institution / Company: Barclays Global Underwriting
- Work Email: underwriting@barclays.com
- Target Cloud Deployment: AWS Private VPC (US / EU / APAC)
- Monthly Document Volume: 50,000 – 250,000 docs / month

GOVERNANCE METADATA:
- Environment: Production Enterprise Host
- Cloud Region: US-East (AWS Private VPC)
- Compliance Package: SOC 2 Type II & ISO 27001 Verified

============================================================

